com\jobportal\jobportal\enums\Role.class
com\jobportal\jobportal\JobportalApplication.class
com\jobportal\jobportal\service\JobService.class
com\jobportal\jobportal\repository\UserRepository.class
com\jobportal\jobportal\service\ApplicationService.class
com\jobportal\jobportal\dto\JobRequestDTO.class
com\jobportal\jobportal\repository\JobRepository.class
com\jobportal\jobportal\enums\ApplicationStatus.class
com\jobportal\jobportal\service\UserService.class
com\jobportal\jobportal\controller\AuthController.class
com\jobportal\jobportal\controller\JobController.class
com\jobportal\jobportal\controller\UserController.class
com\jobportal\jobportal\dto\UserRegisterDTO.class
com\jobportal\jobportal\model\User.class
com\jobportal\jobportal\dto\ApplicationRequestDTO.class
com\jobportal\jobportal\model\Application.class
com\jobportal\jobportal\model\Job.class
com\jobportal\jobportal\repository\ApplicationRepository.class
com\jobportal\jobportal\controller\ApplicationController.class
com\jobportal\jobportal\config\WebConfig.class
