C:\Users\ngoma\jobportal\jobportal\src\main\java\com\jobportal\jobportal\config\DataInitializer.java
C:\Users\ngoma\jobportal\jobportal\src\main\java\com\jobportal\jobportal\config\WebConfig.java
C:\Users\ngoma\jobportal\jobportal\src\main\java\com\jobportal\jobportal\controller\ApplicationController.java
C:\Users\ngoma\jobportal\jobportal\src\main\java\com\jobportal\jobportal\controller\AuthController.java
C:\Users\ngoma\jobportal\jobportal\src\main\java\com\jobportal\jobportal\controller\JobController.java
C:\Users\ngoma\jobportal\jobportal\src\main\java\com\jobportal\jobportal\controller\UserController.java
C:\Users\ngoma\jobportal\jobportal\src\main\java\com\jobportal\jobportal\dto\ApplicationRequestDTO.java
C:\Users\ngoma\jobportal\jobportal\src\main\java\com\jobportal\jobportal\dto\JobRequestDTO.java
C:\Users\ngoma\jobportal\jobportal\src\main\java\com\jobportal\jobportal\dto\LoginDTO.java
C:\Users\ngoma\jobportal\jobportal\src\main\java\com\jobportal\jobportal\dto\UserRegisterDTO.java
C:\Users\ngoma\jobportal\jobportal\src\main\java\com\jobportal\jobportal\enums\ApplicationStatus.java
C:\Users\ngoma\jobportal\jobportal\src\main\java\com\jobportal\jobportal\enums\Role.java
C:\Users\ngoma\jobportal\jobportal\src\main\java\com\jobportal\jobportal\JobportalApplication.java
C:\Users\ngoma\jobportal\jobportal\src\main\java\com\jobportal\jobportal\model\Application.java
C:\Users\ngoma\jobportal\jobportal\src\main\java\com\jobportal\jobportal\model\Job.java
C:\Users\ngoma\jobportal\jobportal\src\main\java\com\jobportal\jobportal\model\User.java
C:\Users\ngoma\jobportal\jobportal\src\main\java\com\jobportal\jobportal\repository\ApplicationRepository.java
C:\Users\ngoma\jobportal\jobportal\src\main\java\com\jobportal\jobportal\repository\JobRepository.java
C:\Users\ngoma\jobportal\jobportal\src\main\java\com\jobportal\jobportal\repository\UserRepository.java
C:\Users\ngoma\jobportal\jobportal\src\main\java\com\jobportal\jobportal\service\ApplicationService.java
C:\Users\ngoma\jobportal\jobportal\src\main\java\com\jobportal\jobportal\service\JobService.java
C:\Users\ngoma\jobportal\jobportal\src\main\java\com\jobportal\jobportal\service\UserService.java
C:\Users\ngoma\jobportal\jobportal\src\main\java\com\jobportal\jobportal\util\JwUtil.java
