C:\Users\ngoma\jobportal\jobportal\src\main\java\com\jobportal\jobportal\controller\ApplicationController.java
C:\Users\ngoma\jobportal\jobportal\src\main\java\com\jobportal\jobportal\controller\JobController.java
C:\Users\ngoma\jobportal\jobportal\src\main\java\com\jobportal\jobportal\controller\UserController.java
C:\Users\ngoma\jobportal\jobportal\src\main\java\com\jobportal\jobportal\dto\ApplicationRequest.java
C:\Users\ngoma\jobportal\jobportal\src\main\java\com\jobportal\jobportal\exception\GlobalExceptionHandler.java
C:\Users\ngoma\jobportal\jobportal\src\main\java\com\jobportal\jobportal\exception\ResourceNotFoundException.java
C:\Users\ngoma\jobportal\jobportal\src\main\java\com\jobportal\jobportal\JobportalApplication.java
C:\Users\ngoma\jobportal\jobportal\src\main\java\com\jobportal\jobportal\model\Application.java
C:\Users\ngoma\jobportal\jobportal\src\main\java\com\jobportal\jobportal\model\Job.java
C:\Users\ngoma\jobportal\jobportal\src\main\java\com\jobportal\jobportal\model\User.java
C:\Users\ngoma\jobportal\jobportal\src\main\java\com\jobportal\jobportal\repository\ApplicationRepository.java
C:\Users\ngoma\jobportal\jobportal\src\main\java\com\jobportal\jobportal\repository\JobRepository.java
C:\Users\ngoma\jobportal\jobportal\src\main\java\com\jobportal\jobportal\repository\UserRepository.java
C:\Users\ngoma\jobportal\jobportal\src\main\java\com\jobportal\jobportal\service\ApplicationService.java
C:\Users\ngoma\jobportal\jobportal\src\main\java\com\jobportal\jobportal\service\JobService.java
C:\Users\ngoma\jobportal\jobportal\src\main\java\com\jobportal\jobportal\service\UserService.java
